// Vitest Snapshot v1, https://vitest.dev/guide/snapshot.html

exports[`Paginator.tsx > should render correctly the Paginator component and take a snapshot 1`] = `
<div
  className="flex justify-center mb-4"
>
  <div
    className="mb-4"
  >
    <nav
      aria-label="Pagination"
      className="flex md:gap-4"
    />
  </div>
</div>
`;
